;(function(){window.alert('Hello World!');if(true===false){window.alert('Paradox');}else{window.alert('All is well.');}})();